// Jest Snapshot v1, https://goo.gl/fbAQLP

exports[`Pruebas en <SearchPage /> debe mostrarse correctamente con valores por defecto 1`] = `
<div>
  <h1>
    Búsquedas
  </h1>
  <hr />
  <div
    class="row"
  >
    <div
      class="col-5"
    >
      <h4>
        Buscar
      </h4>
      <hr />
      <form
        aria-label="form"
      >
        <input
          autocomplete="off"
          class="form-control"
          name="buscarTexto"
          placeholder="Buscar aquí"
          type="text"
          value=""
        />
        <button
          class="btn btn-outline-info mt-2"
        >
          Buscar
        </button>
      </form>
    </div>
    <div
      class="col-7"
    >
      <h4>
        Resultados
      </h4>
      <hr />
      <div
        class="alert alert-primary animate__animated animate__fadeIn"
      >
        Buscar un héroe
      </div>
      <div
        aria-label="pikachu"
        class="alert alert-danger animate__animated animate__fadeIn"
        style="display: none;"
      >
        No hay resultados con 
        <b>
           
           
        </b>
      </div>
    </div>
  </div>
</div>
`;
